// Jest Snapshot v1, https://goo.gl/fbAQLP

exports[`renders correctly 1`] = `
.c2 {
  height: 2rem;
  min-width: 18rem;
  max-width: 18rem;
  border-radius: 0.2rem;
  font-size: 0.9rem;
  padding-left: 1rem;
  padding-right: 1rem;
  border: 1px solid #edf1f7;
}

.c1 {
  display: block;
  font-family: Open Sans,sans-serif;
  font-size: 0.75rem;
  font-weight: 700;
  line-height: 1rem;
  margin: 0.5rem 0rem;
}

.c3 {
  height: 2rem;
  width: 8rem;
  margin-top: 1rem;
  border-radius: 5px;
}

.c0 {
  padding: 1rem 2rem;
}

<div
  className="c0"
>
  <div />
  <h1>
    New Organization
  </h1>
  <form>
    <div>
      <label
        className="c1"
        htmlFor="name"
      >
        Name:
      </label>
      <input
        className="c2"
        name="name"
        onChange={[Function]}
        placeholder="Name"
        type="text"
        value=""
      />
    </div>
    <button
      className="c3"
      disabled={true}
      onClick={[Function]}
      type="button"
    >
      Submit
    </button>
  </form>
</div>
`;
