// Jest Snapshot v1, https://goo.gl/fbAQLP

exports[`renders correctly 1`] = `
.c0 {
  margin-left: 1rem;
}

.c2 {
  margin-left: -1rem;
}

.c1 {
  height: 4rem;
  display: -webkit-box;
  display: -webkit-flex;
  display: -ms-flexbox;
  display: flex;
  -webkit-align-items: center;
  -webkit-box-align: center;
  -ms-flex-align: center;
  align-items: center;
  padding-left: 3rem;
  margin: 1rem 1rem 1rem 0;
  border-radius: 0.5rem;
  -webkit-text-decoration: none;
  text-decoration: none;
  font-weight: 600;
}

<div
  className="c0"
>
  <h1>
    Templates
  </h1>
  <a
    className="c1"
    href="/dashboard/templates/new"
    onClick={[Function]}
  >
    Create New Template
  </a>
  <div
    className="c2"
  />
</div>
`;
