// Jest Snapshot v1, https://goo.gl/fbAQLP

exports[`renders correctly 1`] = `
.c0 {
  height: 75vh;
  width: 100vw;
}

<div>
  <div
    className="tableauPlaceholder"
    style={
      Object {
        "border": "1px solid black",
      }
    }
  >
    <object
      className="c0 tableauViz"
    >
      <param
        name="host_url"
        value="https%3A%2F%2Feu-west-1a.online.tableau.com%2F"
      />
      <param
        name="embed_code_version"
        value="3"
      />
       
      <param
        name="site_root"
        value="/t/marhubinternationaldashboard"
      />
      <param
        name="name"
        value="Dashboard_draft/CreateTime"
      />
      <param
        name="tabs"
        value="yes"
      />
      <param
        name="toolbar"
        value="yes"
      />
      <param
        name="showAppBanner"
        value="false"
      />
    </object>
  </div>
</div>
`;
